// Jest Snapshot v1, https://goo.gl/fbAQLP

exports[`ParaSwap SDK: fetching methods: axiosFetcher Get_Contracts: axiosFetcher 1`] = `
Object {
  "AugustusRFQ": "0xe92b586627ccA7a83dC919cc7127196d70f55a06",
  "AugustusSwapper": "0xDEF171Fe48CF0115B1d80b88dc8eAB59176FEe57",
  "TokenTransferProxy": "0x216b4b4ba9f3e719726886d34a177484278bfcae",
}
`;

exports[`ParaSwap SDK: fetching methods: fetchFetcher Get_Contracts: fetchFetcher 1`] = `
Object {
  "AugustusRFQ": "0xe92b586627ccA7a83dC919cc7127196d70f55a06",
  "AugustusSwapper": "0xDEF171Fe48CF0115B1d80b88dc8eAB59176FEe57",
  "TokenTransferProxy": "0x216b4b4ba9f3e719726886d34a177484278bfcae",
}
`;
